MarkdownNode {
  "attr": {},
  "body": [
    BlockNode {
      "attr": {},
      "body": [
        InlineHeaderNode {
          "attr": {
            "level": 1,
          },
          "body": [
            FlagNode {
              "attr": {},
              "body": undefined,
              "content": "# ",
              "tag": "flag",
            },
            TextNode {
              "attr": {},
              "body": undefined,
              "content": "Markdown ",
              "tag": "text",
            },
            InlineCodeNode {
              "attr": {},
              "body": undefined,
              "content": "Parser",
              "tag": "inline-code",
            },
            TextNode {
              "attr": {},
              "body": undefined,
              "content": " Test Header",
              "tag": "text",
            },
          ],
          "content": undefined,
          "tag": "inline-header",
        },
      ],
      "content": undefined,
      "tag": "block",
    },
    BlockNode {
      "attr": {},
      "body": [],
      "content": undefined,
      "tag": "block",
    },
  ],
  "content": undefined,
  "tag": "markdown",
}