<div class="block"><h1 class="inline-header"><span class="flag leaf"># </span><span class="text leaf">Markdown </span><span class="inline-code"><span class="inline-code flag">`</span><span class="inline-code text leaf">Parser</span><span class="inline-code flag">`</span></span><span class="text leaf"> Test Header</span></h1></div>
<div class="block"></div>
<div class="block"></div>