{
  "body": [
    {
      "body": [
        {
          "attr": {
            "level": 1,
          },
          "body": [
            {
              "content": "Hello ",
              "tag": "text",
            },
            {
              "content": "`antlr-md`",
              "tag": "inline-code",
            },
            {
              "content": " Demo",
              "tag": "text",
            },
          ],
          "tag": "inline-header",
        },
      ],
      "tag": "block",
    },
    {
      "body": [
        undefined,
      ],
      "tag": "block",
    },
    {
      "body": [
        {
          "attr": {
            "level": 2,
          },
          "body": [
            {
              "content": "ANTLR v4",
              "tag": "text",
            },
          ],
          "tag": "inline-header",
        },
      ],
      "tag": "block",
    },
    {
      "body": [
        undefined,
      ],
      "tag": "block",
    },
    {
      "body": [
        {
          "body": [
            {
              "content": "一款功能强大的框架。",
              "tag": "text",
            },
          ],
          "tag": "inline-text",
        },
      ],
      "tag": "block",
    },
    {
      "body": [
        {
          "body": [
            {
              "content": "一种新的称为 ",
              "tag": "text",
            },
            {
              "content": "`Adaptive LL(*)`",
              "tag": "inline-code",
            },
            {
              "content": "或 ",
              "tag": "text",
            },
            {
              "content": "`ALL(*)`",
              "tag": "inline-code",
            },
            {
              "content": "。",
              "tag": "text",
            },
          ],
          "tag": "inline-text",
        },
      ],
      "tag": "block",
    },
    {
      "body": [
        undefined,
      ],
      "tag": "block",
    },
    {
      "body": [
        {
          "attr": {
            "level": 2,
          },
          "body": [
            {
              "content": "代码演示",
              "tag": "text",
            },
          ],
          "tag": "inline-header",
        },
      ],
      "tag": "block",
    },
    {
      "body": [
        undefined,
      ],
      "tag": "block",
    },
    {
      "body": [
        {
          "attr": {
            "lang": "js",
          },
          "content": "let a = 123;
console.log(a);
",
          "tag": "block-code",
        },
      ],
      "tag": "block",
    },
    undefined,
  ],
  "tag": "markdown",
}