{
  "body": [
    {
      "body": [
        {
          "attr": {
            "level": 2,
          },
          "body": [
            {
              "content": "test`",
              "tag": "text",
            },
            {
              "content": "`222`",
              "tag": "inline-code",
            },
            {
              "content": "test",
              "tag": "text",
            },
          ],
          "tag": "header",
        },
      ],
      "tag": "block",
    },
    {
      "body": [
        undefined,
      ],
      "tag": "block",
    },
    {
      "body": [
        {
          "attr": {
            "level": 3,
          },
          "body": [
            {
              "content": "你好",
              "tag": "text",
            },
          ],
          "tag": "header",
        },
      ],
      "tag": "block",
    },
    {
      "body": [
        undefined,
      ],
      "tag": "block",
    },
    {
      "body": [
        {
          "attr": {
            "lang": "js",
          },
          "content": "let a = 123;
console.log(a);
",
          "tag": "block-code",
        },
      ],
      "tag": "block",
    },
    undefined,
  ],
  "tag": "markdown",
}