<div class="block"><h1 class="inline-header"><span class="inline-header flag">#&#32;</span><span class="text leaf">你好</span><span class="inline-code"><span class="inline-code flag">`</span><span class="inline-code text leaf">今天</span><span class="inline-code flag">`</span></span></h1></div>
<div class="block"><span class="inline-text"><span class="text leaf">好呀好呀</span></span></div>
<div class="block"><span class="inline-text"><span class="text leaf">好呀好呀</span></span></div>
<div class="block"></div>