<div class="block"><h1 class="inline-header"><span class="inline-header-flag">#&#32;</span><span class="str">你好今天</span></h1></div>
<div class="block"></div>
<div class="block"></div>
<div class="block"></div>
<div class="block"><span class="inline-text"><span class="str">好呀好呀</span></span></div>
<div class="block"></div>
<div class="block"></div>
<div class="block"></div>